// Jest Snapshot v1, https://goo.gl/fbAQLP

exports[`renders correctly 1`] = `
<div class="swiper">
  <div mode="out-in" style="color: black;"></div>
</div>
`;
