// Jest Snapshot v1, https://goo.gl/fbAQLP

exports[`renders correctly 1`] = `
<vflex-stub tag="div">
  <div class="d-flex display-3"></div>
  <div class="line"></div>
  <!---->
</vflex-stub>
`;
